// Jest Snapshot v1, https://goo.gl/fbAQLP

exports[`Card should render without crashing 1`] = `
<div
  class="rounded shadow-sm relative bg-white block"
  data-testid="card"
>
  <div
    class="relative pb-[75%] overflow-hidden group cursor-pointer"
  >
    <img
      alt="Weekday THURSDAY Jeans Slim Fit black"
      class="absolute z-0 top-0 left-0 w-full h-full scale-100 object-cover group-hover:scale-75 transition-transform ease-in-out duration-500"
      loading="lazy"
      src="https://mosaic01.ztat.net/vgs/media/large/WE/B2/1N/00/HQ/11/WEB21N00H-Q11@12.4.jpg"
    />
    <div
      class="absolute top-2 right-2 z-[1]"
    >
      <p
        class="inline-flex justify-center items-center rounded-full h-5 px-2 border-2  bg-red-600 border-white font-poppins"
      >
        <span
          class="text-[10px] leading-[1] text-white"
        >
          FEMALE
        </span>
      </p>
    </div>
  </div>
  <div
    class="p-4"
  >
    <h2
      class="text-lg font-lato mb-2 font-bold cursor-default"
      data-testid="card-title"
    >
      Weekday THURSDAY Jeans Slim Fit black
    </h2>
    <h3
      class="text-sm font-lato text-gray-600"
      data-testid="card-price"
    >
      39.95 EUR
    </h3>
  </div>
</div>
`;
